Archive member included to satisfy reference by file (symbol)

c:/users/dell/stm32cubeide_1.10.1/stm32cubeide/plugins/com.st.stm32cube.ide.mcu.externaltools.gnu-tools-for-stm32.10.3-2021.10.win32_1.0.200.202301161003/tools/bin/../lib/gcc/arm-none-eabi/10.3.1/../../../../arm-none-eabi/lib/thumb/v7e-m+fp/hard\libc_nano.a(lib_a-errno.o)
                              ./Core/Src/syscalls.o (__errno)
c:/users/dell/stm32cubeide_1.10.1/stm32cubeide/plugins/com.st.stm32cube.ide.mcu.externaltools.gnu-tools-for-stm32.10.3-2021.10.win32_1.0.200.202301161003/tools/bin/../lib/gcc/arm-none-eabi/10.3.1/../../../../arm-none-eabi/lib/thumb/v7e-m+fp/hard\libc_nano.a(lib_a-exit.o)
                              c:/users/dell/stm32cubeide_1.10.1/stm32cubeide/plugins/com.st.stm32cube.ide.mcu.externaltools.gnu-tools-for-stm32.10.3-2021.10.win32_1.0.200.202301161003/tools/bin/../lib/gcc/arm-none-eabi/10.3.1/../../../../arm-none-eabi/lib/thumb/v7e-m+fp/hard/crt0.o (exit)
c:/users/dell/stm32cubeide_1.10.1/stm32cubeide/plugins/com.st.stm32cube.ide.mcu.externaltools.gnu-tools-for-stm32.10.3-2021.10.win32_1.0.200.202301161003/tools/bin/../lib/gcc/arm-none-eabi/10.3.1/../../../../arm-none-eabi/lib/thumb/v7e-m+fp/hard\libc_nano.a(lib_a-impure.o)
                              c:/users/dell/stm32cubeide_1.10.1/stm32cubeide/plugins/com.st.stm32cube.ide.mcu.externaltools.gnu-tools-for-stm32.10.3-2021.10.win32_1.0.200.202301161003/tools/bin/../lib/gcc/arm-none-eabi/10.3.1/../../../../arm-none-eabi/lib/thumb/v7e-m+fp/hard\libc_nano.a(lib_a-exit.o) (_global_impure_ptr)
c:/users/dell/stm32cubeide_1.10.1/stm32cubeide/plugins/com.st.stm32cube.ide.mcu.externaltools.gnu-tools-for-stm32.10.3-2021.10.win32_1.0.200.202301161003/tools/bin/../lib/gcc/arm-none-eabi/10.3.1/../../../../arm-none-eabi/lib/thumb/v7e-m+fp/hard\libc_nano.a(lib_a-init.o)
                              c:/users/dell/stm32cubeide_1.10.1/stm32cubeide/plugins/com.st.stm32cube.ide.mcu.externaltools.gnu-tools-for-stm32.10.3-2021.10.win32_1.0.200.202301161003/tools/bin/../lib/gcc/arm-none-eabi/10.3.1/../../../../arm-none-eabi/lib/thumb/v7e-m+fp/hard/crt0.o (__libc_init_array)
c:/users/dell/stm32cubeide_1.10.1/stm32cubeide/plugins/com.st.stm32cube.ide.mcu.externaltools.gnu-tools-for-stm32.10.3-2021.10.win32_1.0.200.202301161003/tools/bin/../lib/gcc/arm-none-eabi/10.3.1/../../../../arm-none-eabi/lib/thumb/v7e-m+fp/hard\libc_nano.a(lib_a-memset.o)
                              c:/users/dell/stm32cubeide_1.10.1/stm32cubeide/plugins/com.st.stm32cube.ide.mcu.externaltools.gnu-tools-for-stm32.10.3-2021.10.win32_1.0.200.202301161003/tools/bin/../lib/gcc/arm-none-eabi/10.3.1/../../../../arm-none-eabi/lib/thumb/v7e-m+fp/hard/crt0.o (memset)
c:/users/dell/stm32cubeide_1.10.1/stm32cubeide/plugins/com.st.stm32cube.ide.mcu.externaltools.gnu-tools-for-stm32.10.3-2021.10.win32_1.0.200.202301161003/tools/bin/../lib/gcc/arm-none-eabi/10.3.1/thumb/v7e-m+fp/hard\libgcc.a(_aeabi_uldivmod.o)
                              ./Drivers/STM32F4xx_HAL_Driver/Src/stm32f4xx_hal_rcc.o (__aeabi_uldivmod)
c:/users/dell/stm32cubeide_1.10.1/stm32cubeide/plugins/com.st.stm32cube.ide.mcu.externaltools.gnu-tools-for-stm32.10.3-2021.10.win32_1.0.200.202301161003/tools/bin/../lib/gcc/arm-none-eabi/10.3.1/thumb/v7e-m+fp/hard\libgcc.a(_udivmoddi4.o)
                              c:/users/dell/stm32cubeide_1.10.1/stm32cubeide/plugins/com.st.stm32cube.ide.mcu.externaltools.gnu-tools-for-stm32.10.3-2021.10.win32_1.0.200.202301161003/tools/bin/../lib/gcc/arm-none-eabi/10.3.1/thumb/v7e-m+fp/hard\libgcc.a(_aeabi_uldivmod.o) (__udivmoddi4)
c:/users/dell/stm32cubeide_1.10.1/stm32cubeide/plugins/com.st.stm32cube.ide.mcu.externaltools.gnu-tools-for-stm32.10.3-2021.10.win32_1.0.200.202301161003/tools/bin/../lib/gcc/arm-none-eabi/10.3.1/thumb/v7e-m+fp/hard\libgcc.a(_dvmd_tls.o)
                              c:/users/dell/stm32cubeide_1.10.1/stm32cubeide/plugins/com.st.stm32cube.ide.mcu.externaltools.gnu-tools-for-stm32.10.3-2021.10.win32_1.0.200.202301161003/tools/bin/../lib/gcc/arm-none-eabi/10.3.1/thumb/v7e-m+fp/hard\libgcc.a(_aeabi_uldivmod.o) (__aeabi_ldiv0)

Discarded input sections

 .text          0x0000000000000000        0x0 c:/users/dell/stm32cubeide_1.10.1/stm32cubeide/plugins/com.st.stm32cube.ide.mcu.externaltools.gnu-tools-for-stm32.10.3-2021.10.win32_1.0.200.202301161003/tools/bin/../lib/gcc/arm-none-eabi/10.3.1/thumb/v7e-m+fp/hard/crti.o
 .data          0x0000000000000000        0x0 c:/users/dell/stm32cubeide_1.10.1/stm32cubeide/plugins/com.st.stm32cube.ide.mcu.externaltools.gnu-tools-for-stm32.10.3-2021.10.win32_1.0.200.202301161003/tools/bin/../lib/gcc/arm-none-eabi/10.3.1/thumb/v7e-m+fp/hard/crti.o
 .bss           0x0000000000000000        0x0 c:/users/dell/stm32cubeide_1.10.1/stm32cubeide/plugins/com.st.stm32cube.ide.mcu.externaltools.gnu-tools-for-stm32.10.3-2021.10.win32_1.0.200.202301161003/tools/bin/../lib/gcc/arm-none-eabi/10.3.1/thumb/v7e-m+fp/hard/crti.o
[...]
Memory Configuration

Name             Origin             Length             Attributes
CCMRAM           0x0000000010000000 0x0000000000010000 xrw
RAM              0x0000000020000000 0x0000000000020000 xrw
FLASH            0x0000000008000000 0x0000000000100000 xr
*default*        0x0000000000000000 0xffffffffffffffff

Linker script and memory map

LOAD c:/users/dell/stm32cubeide_1.10.1/stm32cubeide/plugins/com.st.stm32cube.ide.mcu.externaltools.gnu-tools-for-stm32.10.3-2021.10.win32_1.0.200.202301161003/tools/bin/../lib/gcc/arm-none-eabi/10.3.1/thumb/v7e-m+fp/hard/crti.o
LOAD c:/users/dell/stm32cubeide_1.10.1/stm32cubeide/plugins/com.st.stm32cube.ide.mcu.externaltools.gnu-tools-for-stm32.10.3-2021.10.win32_1.0.200.202301161003/tools/bin/../lib/gcc/arm-none-eabi/10.3.1/thumb/v7e-m+fp/hard/crtbegin.o
LOAD c:/users/dell/stm32cubeide_1.10.1/stm32cubeide/plugins/com.st.stm32cube.ide.mcu.externaltools.gnu-tools-for-stm32.10.3-2021.10.win32_1.0.200.202301161003/tools/bin/../lib/gcc/arm-none-eabi/10.3.1/../../../../arm-none-eabi/lib/thumb/v7e-m+fp/hard/crt0.o
LOAD ./Core/Src/WatchDog.o
LOAD ./Core/Src/can.o
LOAD ./Core/Src/dma.o
LOAD ./Core/Src/friction.o
LOAD ./Core/Src/main.o
LOAD ./Core/Src/pid.o
LOAD ./Core/Src/remote.o
LOAD ./Core/Src/stm32f4xx_hal_msp.o
LOAD ./Core/Src/stm32f4xx_it.o
LOAD ./Core/Src/syscalls.o
LOAD ./Core/Src/sysmem.o
LOAD ./Core/Src/system_stm32f4xx.o
LOAD ./Core/Src/usart.o
LOAD ./Core/Startup/startup_stm32f407ighx.o
LOAD ./Drivers/STM32F4xx_HAL_Driver/Src/stm32f4xx_hal.o
LOAD ./Drivers/STM32F4xx_HAL_Driver/Src/stm32f4xx_hal_can.o
LOAD ./Drivers/STM32F4xx_HAL_Driver/Src/stm32f4xx_hal_cortex.o
LOAD ./Drivers/STM32F4xx_HAL_Driver/Src/stm32f4xx_hal_dma.o
LOAD ./Drivers/STM32F4xx_HAL_Driver/Src/stm32f4xx_hal_dma_ex.o
LOAD ./Drivers/STM32F4xx_HAL_Driver/Src/stm32f4xx_hal_exti.o
LOAD ./Drivers/STM32F4xx_HAL_Driver/Src/stm32f4xx_hal_flash.o
LOAD ./Drivers/STM32F4xx_HAL_Driver/Src/stm32f4xx_hal_flash_ex.o
LOAD ./Drivers/STM32F4xx_HAL_Driver/Src/stm32f4xx_hal_flash_ramfunc.o
LOAD ./Drivers/STM32F4xx_HAL_Driver/Src/stm32f4xx_hal_gpio.o
LOAD ./Drivers/STM32F4xx_HAL_Driver/Src/stm32f4xx_hal_pwr.o
LOAD ./Drivers/STM32F4xx_HAL_Driver/Src/stm32f4xx_hal_pwr_ex.o
LOAD ./Drivers/STM32F4xx_HAL_Driver/Src/stm32f4xx_hal_rcc.o
LOAD ./Drivers/STM32F4xx_HAL_Driver/Src/stm32f4xx_hal_rcc_ex.o
LOAD ./Drivers/STM32F4xx_HAL_Driver/Src/stm32f4xx_hal_tim.o
LOAD ./Drivers/STM32F4xx_HAL_Driver/Src/stm32f4xx_hal_tim_ex.o
LOAD ./Drivers/STM32F4xx_HAL_Driver/Src/stm32f4xx_hal_uart.o
START GROUP
LOAD c:/users/dell/stm32cubeide_1.10.1/stm32cubeide/plugins/com.st.stm32cube.ide.mcu.externaltools.gnu-tools-for-stm32.10.3-2021.10.win32_1.0.200.202301161003/tools/bin/../lib/gcc/arm-none-eabi/10.3.1/../../../../arm-none-eabi/lib/thumb/v7e-m+fp/hard\libc_nano.a
LOAD c:/users/dell/stm32cubeide_1.10.1/stm32cubeide/plugins/com.st.stm32cube.ide.mcu.externaltools.gnu-tools-for-stm32.10.3-2021.10.win32_1.0.200.202301161003/tools/bin/../lib/gcc/arm-none-eabi/10.3.1/../../../../arm-none-eabi/lib/thumb/v7e-m+fp/hard\libm.a
END GROUP
START GROUP
LOAD c:/users/dell/stm32cubeide_1.10.1/stm32cubeide/plugins/com.st.stm32cube.ide.mcu.externaltools.gnu-tools-for-stm32.10.3-2021.10.win32_1.0.200.202301161003/tools/bin/../lib/gcc/arm-none-eabi/10.3.1/thumb/v7e-m+fp/hard\libgcc.a
LOAD c:/users/dell/stm32cubeide_1.10.1/stm32cubeide/plugins/com.st.stm32cube.ide.mcu.externaltools.gnu-tools-for-stm32.10.3-2021.10.win32_1.0.200.202301161003/tools/bin/../lib/gcc/arm-none-eabi/10.3.1/../../../../arm-none-eabi/lib/thumb/v7e-m+fp/hard\libc_nano.a
END GROUP
START GROUP
LOAD c:/users/dell/stm32cubeide_1.10.1/stm32cubeide/plugins/com.st.stm32cube.ide.mcu.externaltools.gnu-tools-for-stm32.10.3-2021.10.win32_1.0.200.202301161003/tools/bin/../lib/gcc/arm-none-eabi/10.3.1/thumb/v7e-m+fp/hard\libgcc.a
LOAD c:/users/dell/stm32cubeide_1.10.1/stm32cubeide/plugins/com.st.stm32cube.ide.mcu.externaltools.gnu-tools-for-stm32.10.3-2021.10.win32_1.0.200.202301161003/tools/bin/../lib/gcc/arm-none-eabi/10.3.1/../../../../arm-none-eabi/lib/thumb/v7e-m+fp/hard\libc_nano.a
LOAD c:/users/dell/stm32cubeide_1.10.1/stm32cubeide/plugins/com.st.stm32cube.ide.mcu.externaltools.gnu-tools-for-stm32.10.3-2021.10.win32_1.0.200.202301161003/tools/bin/../lib/gcc/arm-none-eabi/10.3.1/../../../../arm-none-eabi/lib/thumb/v7e-m+fp/hard\libnosys.a
END GROUP
START GROUP
LOAD c:/users/dell/stm32cubeide_1.10.1/stm32cubeide/plugins/com.st.stm32cube.ide.mcu.externaltools.gnu-tools-for-stm32.10.3-2021.10.win32_1.0.200.202301161003/tools/bin/../lib/gcc/arm-none-eabi/10.3.1/thumb/v7e-m+fp/hard\libgcc.a
LOAD c:/users/dell/stm32cubeide_1.10.1/stm32cubeide/plugins/com.st.stm32cube.ide.mcu.externaltools.gnu-tools-for-stm32.10.3-2021.10.win32_1.0.200.202301161003/tools/bin/../lib/gcc/arm-none-eabi/10.3.1/../../../../arm-none-eabi/lib/thumb/v7e-m+fp/hard\libc_nano.a
LOAD c:/users/dell/stm32cubeide_1.10.1/stm32cubeide/plugins/com.st.stm32cube.ide.mcu.externaltools.gnu-tools-for-stm32.10.3-2021.10.win32_1.0.200.202301161003/tools/bin/../lib/gcc/arm-none-eabi/10.3.1/../../../../arm-none-eabi/lib/thumb/v7e-m+fp/hard\libnosys.a
END GROUP
LOAD c:/users/dell/stm32cubeide_1.10.1/stm32cubeide/plugins/com.st.stm32cube.ide.mcu.externaltools.gnu-tools-for-stm32.10.3-2021.10.win32_1.0.200.202301161003/tools/bin/../lib/gcc/arm-none-eabi/10.3.1/thumb/v7e-m+fp/hard/crtend.o
LOAD c:/users/dell/stm32cubeide_1.10.1/stm32cubeide/plugins/com.st.stm32cube.ide.mcu.externaltools.gnu-tools-for-stm32.10.3-2021.10.win32_1.0.200.202301161003/tools/bin/../lib/gcc/arm-none-eabi/10.3.1/thumb/v7e-m+fp/hard/crtn.o
                0x0000000020020000                _estack = (ORIGIN (RAM) + LENGTH (RAM))
                0x0000000000000200                _Min_Heap_Size = 0x200
                0x0000000000000400                _Min_Stack_Size = 0x400

.isr_vector     0x0000000008000000      0x188
                0x0000000008000000                . = ALIGN (0x4)
 *(.isr_vector)
 .isr_vector    0x0000000008000000      0x188 ./Core/Startup/startup_stm32f407ighx.o
                0x0000000008000000                g_pfnVectors
                0x0000000008000188                . = ALIGN (0x4)

.text           0x0000000008000188     0x4ca4
                0x0000000008000188                . = ALIGN (0x4)
 *(.text)
 .text          0x0000000008000188       0x40 c:/users/dell/stm32cubeide_1.10.1/stm32cubeide/plugins/com.st.stm32cube.ide.mcu.externaltools.gnu-tools-for-stm32.10.3-2021.10.win32_1.0.200.202301161003/tools/bin/../lib/gcc/arm-none-eabi/10.3.1/thumb/v7e-m+fp/hard/crtbegin.o
 .text          0x00000000080001c8       0x30 c:/users/dell/stm32cubeide_1.10.1/stm32cubeide/plugins/com.st.stm32cube.ide.mcu.externaltools.gnu-tools-for-stm32.10.3-2021.10.win32_1.0.200.202301161003/tools/bin/../lib/gcc/arm-none-eabi/10.3.1/thumb/v7e-m+fp/hard\libgcc.a(_aeabi_uldivmod.o)
                0x00000000080001c8                __aeabi_uldivmod
 .text          0x00000000080001f8      0x2d0 c:/users/dell/stm32cubeide_1.10.1/stm32cubeide/plugins/com.st.stm32cube.ide.mcu.externaltools.gnu-tools-for-stm32.10.3-2021.10.win32_1.0.200.202301161003/tools/bin/../lib/gcc/arm-none-eabi/10.3.1/thumb/v7e-m+fp/hard\libgcc.a(_udivmoddi4.o)
                0x00000000080001f8                __udivmoddi4
 .text          0x00000000080004c8        0x4 c:/users/dell/stm32cubeide_1.10.1/stm32cubeide/plugins/com.st.stm32cube.ide.mcu.externaltools.gnu-tools-for-stm32.10.3-2021.10.win32_1.0.200.202301161003/tools/bin/../lib/gcc/arm-none-eabi/10.3.1/thumb/v7e-m+fp/hard\libgcc.a(_dvmd_tls.o)
                0x00000000080004c8                __aeabi_idiv0
                0x00000000080004c8                __aeabi_ldiv0
 *(.text*)
 .text.feedDog  0x00000000080004cc       0x20 ./Core/Src/WatchDog.o
                0x00000000080004cc                feedDog
 .text.Dog_Status_update
                0x00000000080004ec       0x38 ./Core/Src/WatchDog.o
                0x00000000080004ec                Dog_Status_update
 .text.Can_MessageConfig
                0x0000000008000524      0x100 ./Core/Src/can.o
                0x0000000008000524                Can_MessageConfig
 .text.MX_CAN1_Init
                0x0000000008000624       0x6c ./Core/Src/can.o
                0x0000000008000624                MX_CAN1_Init
 .text.HAL_CAN_MspInit
                0x0000000008000690       0xd0 ./Core/Src/can.o
                0x0000000008000690                HAL_CAN_MspInit
 .text.Can_Filter1Config
                0x0000000008000760       0x40 ./Core/Src/can.o
                0x0000000008000760                Can_Filter1Config
 .text.HAL_CAN_RxFifo0MsgPendingCallback
                0x00000000080007a0      0x1f4 ./Core/Src/can.o
                0x00000000080007a0                HAL_CAN_RxFifo0MsgPendingCallback
 .text.sendMessage
                0x0000000008000994       0x98 ./Core/Src/friction.o
                0x0000000008000994                sendMessage
 .text.ChassisCtrl
                0x0000000008000a2c       0xf0 ./Core/Src/friction.o
                0x0000000008000a2c                ChassisCtrl
 .text.main     0x0000000008000b1c      0x188 ./Core/Src/main.o
                0x0000000008000b1c                main
 .text.SystemClock_Config
                0x0000000008000ca4       0xd4 ./Core/Src/main.o
                0x0000000008000ca4                SystemClock_Config
 .text.MX_USART3_UART_Init
                0x0000000008000d78       0x58 ./Core/Src/main.o
 .text.MX_DMA_Init
                0x0000000008000dd0       0x40 ./Core/Src/main.o
 .text.MX_GPIO_Init
                0x0000000008000e10       0x88 ./Core/Src/main.o
 .text.Error_Handler
                0x0000000008000e98        0xa ./Core/Src/main.o
                0x0000000008000e98                Error_Handler
 *fill*         0x0000000008000ea2        0x2 
 .text.PID_Init
                0x0000000008000ea4      0x1d0 ./Core/Src/pid.o
                0x0000000008000ea4                PID_Init
 .text.PID_Clear
                0x0000000008001074       0x3c ./Core/Src/pid.o
                0x0000000008001074                PID_Clear
 .text.PID_Incr
                0x00000000080010b0       0xf0 ./Core/Src/pid.o
                0x00000000080010b0                PID_Incr
 .text.RemoteRestart
                0x00000000080011a0      0x13c ./Core/Src/remote.o
                0x00000000080011a0                RemoteRestart
 .text.HAL_UART_RxCpltCallback
                0x00000000080012dc      0x240 ./Core/Src/remote.o
                0x00000000080012dc                HAL_UART_RxCpltCallback
 .text.HAL_MspInit
                0x000000000800151c       0x50 ./Core/Src/stm32f4xx_hal_msp.o
                0x000000000800151c                HAL_MspInit
 .text.HAL_UART_MspInit
                0x000000000800156c      0x108 ./Core/Src/stm32f4xx_hal_msp.o
                0x000000000800156c                HAL_UART_MspInit
 .text.NMI_Handler
                0x0000000008001674        0x6 ./Core/Src/stm32f4xx_it.o
                0x0000000008001674                NMI_Handler
 .text.HardFault_Handler
                0x000000000800167a        0x6 ./Core/Src/stm32f4xx_it.o
                0x000000000800167a                HardFault_Handler
 .text.MemManage_Handler
                0x0000000008001680        0x6 ./Core/Src/stm32f4xx_it.o
                0x0000000008001680                MemManage_Handler
 .text.BusFault_Handler
                0x0000000008001686        0x6 ./Core/Src/stm32f4xx_it.o
                0x0000000008001686                BusFault_Handler
 .text.UsageFault_Handler
                0x000000000800168c        0x6 ./Core/Src/stm32f4xx_it.o
                0x000000000800168c                UsageFault_Handler
 .text.SVC_Handler
                0x0000000008001692        0xe ./Core/Src/stm32f4xx_it.o
                0x0000000008001692                SVC_Handler
 .text.DebugMon_Handler
                0x00000000080016a0        0xe ./Core/Src/stm32f4xx_it.o
                0x00000000080016a0                DebugMon_Handler
 .text.PendSV_Handler
                0x00000000080016ae        0xe ./Core/Src/stm32f4xx_it.o
                0x00000000080016ae                PendSV_Handler
 .text.SysTick_Handler
                0x00000000080016bc        0xc ./Core/Src/stm32f4xx_it.o
                0x00000000080016bc                SysTick_Handler
 .text.DMA1_Stream1_IRQHandler
                0x00000000080016c8       0x14 ./Core/Src/stm32f4xx_it.o
                0x00000000080016c8                DMA1_Stream1_IRQHandler
 .text.CAN1_TX_IRQHandler
                0x00000000080016dc       0x14 ./Core/Src/stm32f4xx_it.o
                0x00000000080016dc                CAN1_TX_IRQHandler
 .text.CAN1_RX0_IRQHandler
                0x00000000080016f0       0x14 ./Core/Src/stm32f4xx_it.o
                0x00000000080016f0                CAN1_RX0_IRQHandler
 .text.CAN1_RX1_IRQHandler
                0x0000000008001704       0x14 ./Core/Src/stm32f4xx_it.o
                0x0000000008001704                CAN1_RX1_IRQHandler
 .text.CAN1_SCE_IRQHandler
                0x0000000008001718       0x14 ./Core/Src/stm32f4xx_it.o
                0x0000000008001718                CAN1_SCE_IRQHandler
 .text.USART3_IRQHandler
                0x000000000800172c       0x14 ./Core/Src/stm32f4xx_it.o
                0x000000000800172c                USART3_IRQHandler
 .text.SystemInit
                0x0000000008001740       0x24 ./Core/Src/system_stm32f4xx.o
                0x0000000008001740                SystemInit
 .text.Reset_Handler
                0x0000000008001764       0x50 ./Core/Startup/startup_stm32f407ighx.o
                0x0000000008001764                Reset_Handler
 .text.Default_Handler
                0x00000000080017b4        0x2 ./Core/Startup/startup_stm32f407ighx.o
                0x00000000080017b4                RTC_Alarm_IRQHandler
                0x00000000080017b4                HASH_RNG_IRQHandler
                0x00000000080017b4                EXTI2_IRQHandler
                0x00000000080017b4                TIM8_CC_IRQHandler
                0x00000000080017b4                TIM1_CC_IRQHandler
                0x00000000080017b4                DMA2_Stream5_IRQHandler
                0x00000000080017b4                DMA1_Stream5_IRQHandler
                0x00000000080017b4                PVD_IRQHandler
                0x00000000080017b4                SDIO_IRQHandler
                0x00000000080017b4                TAMP_STAMP_IRQHandler
                0x00000000080017b4                CAN2_RX1_IRQHandler
                0x00000000080017b4                EXTI3_IRQHandler
                0x00000000080017b4                TIM8_TRG_COM_TIM14_IRQHandler
                0x00000000080017b4                TIM1_UP_TIM10_IRQHandler
                0x00000000080017b4                TIM8_UP_TIM13_IRQHandler
                0x00000000080017b4                I2C3_ER_IRQHandler
                0x00000000080017b4                EXTI0_IRQHandler
                0x00000000080017b4                I2C2_EV_IRQHandler
                0x00000000080017b4                DMA1_Stream2_IRQHandler
                0x00000000080017b4                FPU_IRQHandler
                0x00000000080017b4                OTG_HS_WKUP_IRQHandler
                0x00000000080017b4                CAN2_SCE_IRQHandler
                0x00000000080017b4                DMA2_Stream2_IRQHandler
                0x00000000080017b4                SPI1_IRQHandler
                0x00000000080017b4                TIM6_DAC_IRQHandler
                0x00000000080017b4                TIM1_BRK_TIM9_IRQHandler
                0x00000000080017b4                DCMI_IRQHandler
                0x00000000080017b4                CAN2_RX0_IRQHandler
                0x00000000080017b4                DMA2_Stream3_IRQHandler
                0x00000000080017b4                USART6_IRQHandler
                0x00000000080017b4                UART5_IRQHandler
                0x00000000080017b4                DMA2_Stream0_IRQHandler
                0x00000000080017b4                TIM4_IRQHandler
                0x00000000080017b4                I2C1_EV_IRQHandler
                0x00000000080017b4                DMA1_Stream6_IRQHandler
                0x00000000080017b4                UART4_IRQHandler
                0x00000000080017b4                TIM3_IRQHandler
                0x00000000080017b4                RCC_IRQHandler
                0x00000000080017b4                TIM8_BRK_TIM12_IRQHandler
                0x00000000080017b4                Default_Handler
                0x00000000080017b4                EXTI15_10_IRQHandler
                0x00000000080017b4                ADC_IRQHandler
                0x00000000080017b4                DMA1_Stream7_IRQHandler
                0x00000000080017b4                TIM7_IRQHandler
                0x00000000080017b4                CAN2_TX_IRQHandler
                0x00000000080017b4                TIM5_IRQHandler
                0x00000000080017b4                DMA2_Stream7_IRQHandler
                0x00000000080017b4                I2C3_EV_IRQHandler
                0x00000000080017b4                EXTI9_5_IRQHandler
                0x00000000080017b4                RTC_WKUP_IRQHandler
                0x00000000080017b4                ETH_WKUP_IRQHandler
                0x00000000080017b4                SPI2_IRQHandler
                0x00000000080017b4                OTG_HS_EP1_IN_IRQHandler
                0x00000000080017b4                DMA1_Stream0_IRQHandler
                0x00000000080017b4                EXTI4_IRQHandler
                0x00000000080017b4                FSMC_IRQHandler
                0x00000000080017b4                ETH_IRQHandler
                0x00000000080017b4                OTG_HS_EP1_OUT_IRQHandler
                0x00000000080017b4                WWDG_IRQHandler
                0x00000000080017b4                TIM2_IRQHandler
                0x00000000080017b4                OTG_FS_WKUP_IRQHandler
                0x00000000080017b4                TIM1_TRG_COM_TIM11_IRQHandler
                0x00000000080017b4                OTG_HS_IRQHandler
                0x00000000080017b4                EXTI1_IRQHandler
                0x00000000080017b4                USART2_IRQHandler
                0x00000000080017b4                I2C2_ER_IRQHandler
                0x00000000080017b4                DMA2_Stream1_IRQHandler
                0x00000000080017b4                FLASH_IRQHandler
                0x00000000080017b4                DMA2_Stream4_IRQHandler
                0x00000000080017b4                USART1_IRQHandler
                0x00000000080017b4                OTG_FS_IRQHandler
                0x00000000080017b4                SPI3_IRQHandler
                0x00000000080017b4                DMA1_Stream4_IRQHandler
                0x00000000080017b4                I2C1_ER_IRQHandler
                0x00000000080017b4                DMA2_Stream6_IRQHandler
                0x00000000080017b4                DMA1_Stream3_IRQHandler
 *fill*         0x00000000080017b6        0x2 
 .text.HAL_Init
                0x00000000080017b8       0x44 ./Drivers/STM32F4xx_HAL_Driver/Src/stm32f4xx_hal.o
                0x00000000080017b8                HAL_Init
 .text.HAL_InitTick
                0x00000000080017fc       0x60 ./Drivers/STM32F4xx_HAL_Driver/Src/stm32f4xx_hal.o
                0x00000000080017fc                HAL_InitTick
 .text.HAL_IncTick
                0x000000000800185c       0x28 ./Drivers/STM32F4xx_HAL_Driver/Src/stm32f4xx_hal.o
                0x000000000800185c                HAL_IncTick
 .text.HAL_GetTick
                0x0000000008001884       0x18 ./Drivers/STM32F4xx_HAL_Driver/Src/stm32f4xx_hal.o
                0x0000000008001884                HAL_GetTick
 .text.HAL_Delay
                0x000000000800189c       0x48 ./Drivers/STM32F4xx_HAL_Driver/Src/stm32f4xx_hal.o
                0x000000000800189c                HAL_Delay
 .text.HAL_CAN_Init
                0x00000000080018e4      0x1f6 ./Drivers/STM32F4xx_HAL_Driver/Src/stm32f4xx_hal_can.o
                0x00000000080018e4                HAL_CAN_Init
 *fill*         0x0000000008001ada        0x2 
 .text.HAL_CAN_ConfigFilter
                0x0000000008001adc      0x1c0 ./Drivers/STM32F4xx_HAL_Driver/Src/stm32f4xx_hal_can.o
                0x0000000008001adc                HAL_CAN_ConfigFilter
 .text.HAL_CAN_Start
                0x0000000008001c9c       0x88 ./Drivers/STM32F4xx_HAL_Driver/Src/stm32f4xx_hal_can.o
                0x0000000008001c9c                HAL_CAN_Start
 .text.HAL_CAN_AddTxMessage
                0x0000000008001d24      0x1b6 ./Drivers/STM32F4xx_HAL_Driver/Src/stm32f4xx_hal_can.o
                0x0000000008001d24                HAL_CAN_AddTxMessage
 .text.HAL_CAN_GetRxMessage
                0x0000000008001eda      0x224 ./Drivers/STM32F4xx_HAL_Driver/Src/stm32f4xx_hal_can.o
                0x0000000008001eda                HAL_CAN_GetRxMessage
 .text.HAL_CAN_ActivateNotification
                0x00000000080020fe       0x4c ./Drivers/STM32F4xx_HAL_Driver/Src/stm32f4xx_hal_can.o
                0x00000000080020fe                HAL_CAN_ActivateNotification
 .text.HAL_CAN_IRQHandler
                0x000000000800214a      0x36e ./Drivers/STM32F4xx_HAL_Driver/Src/stm32f4xx_hal_can.o
                0x000000000800214a                HAL_CAN_IRQHandler
 .text.HAL_CAN_TxMailbox0CompleteCallback
                0x00000000080024b8       0x14 ./Drivers/STM32F4xx_HAL_Driver/Src/stm32f4xx_hal_can.o
                0x00000000080024b8                HAL_CAN_TxMailbox0CompleteCallback
 .text.HAL_CAN_TxMailbox1CompleteCallback
                0x00000000080024cc       0x14 ./Drivers/STM32F4xx_HAL_Driver/Src/stm32f4xx_hal_can.o
                0x00000000080024cc                HAL_CAN_TxMailbox1CompleteCallback
 .text.HAL_CAN_TxMailbox2CompleteCallback
                0x00000000080024e0       0x14 ./Drivers/STM32F4xx_HAL_Driver/Src/stm32f4xx_hal_can.o
                0x00000000080024e0                HAL_CAN_TxMailbox2CompleteCallback
 .text.HAL_CAN_TxMailbox0AbortCallback
                0x00000000080024f4       0x14 ./Drivers/STM32F4xx_HAL_Driver/Src/stm32f4xx_hal_can.o
                0x00000000080024f4                HAL_CAN_TxMailbox0AbortCallback
 .text.HAL_CAN_TxMailbox1AbortCallback
                0x0000000008002508       0x14 ./Drivers/STM32F4xx_HAL_Driver/Src/stm32f4xx_hal_can.o
                0x0000000008002508                HAL_CAN_TxMailbox1AbortCallback
 .text.HAL_CAN_TxMailbox2AbortCallback
                0x000000000800251c       0x14 ./Drivers/STM32F4xx_HAL_Driver/Src/stm32f4xx_hal_can.o
                0x000000000800251c                HAL_CAN_TxMailbox2AbortCallback
 .text.HAL_CAN_RxFifo0FullCallback
                0x0000000008002530       0x14 ./Drivers/STM32F4xx_HAL_Driver/Src/stm32f4xx_hal_can.o
                0x0000000008002530                HAL_CAN_RxFifo0FullCallback
 .text.HAL_CAN_RxFifo1MsgPendingCallback
                0x0000000008002544       0x14 ./Drivers/STM32F4xx_HAL_Driver/Src/stm32f4xx_hal_can.o
                0x0000000008002544                HAL_CAN_RxFifo1MsgPendingCallback
 .text.HAL_CAN_RxFifo1FullCallback
                0x0000000008002558       0x14 ./Drivers/STM32F4xx_HAL_Driver/Src/stm32f4xx_hal_can.o
                0x0000000008002558                HAL_CAN_RxFifo1FullCallback
 .text.HAL_CAN_SleepCallback
                0x000000000800256c       0x14 ./Drivers/STM32F4xx_HAL_Driver/Src/stm32f4xx_hal_can.o
                0x000000000800256c                HAL_CAN_SleepCallback
 .text.HAL_CAN_WakeUpFromRxMsgCallback
                0x0000000008002580       0x14 ./Drivers/STM32F4xx_HAL_Driver/Src/stm32f4xx_hal_can.o
                0x0000000008002580                HAL_CAN_WakeUpFromRxMsgCallback
 .text.HAL_CAN_ErrorCallback
                0x0000000008002594       0x14 ./Drivers/STM32F4xx_HAL_Driver/Src/stm32f4xx_hal_can.o
                0x0000000008002594                HAL_CAN_ErrorCallback
 .text.__NVIC_SetPriorityGrouping
                0x00000000080025a8       0x48 ./Drivers/STM32F4xx_HAL_Driver/Src/stm32f4xx_hal_cortex.o
 .text.__NVIC_GetPriorityGrouping
                0x00000000080025f0       0x1c ./Drivers/STM32F4xx_HAL_Driver/Src/stm32f4xx_hal_cortex.o
 .text.__NVIC_EnableIRQ
                0x000000000800260c       0x3c ./Drivers/STM32F4xx_HAL_Driver/Src/stm32f4xx_hal_cortex.o
 .text.__NVIC_SetPriority
                0x0000000008002648       0x54 ./Drivers/STM32F4xx_HAL_Driver/Src/stm32f4xx_hal_cortex.o
 .text.NVIC_EncodePriority
                0x000000000800269c       0x66 ./Drivers/STM32F4xx_HAL_Driver/Src/stm32f4xx_hal_cortex.o
 *fill*         0x0000000008002702        0x2 
 .text.SysTick_Config
                0x0000000008002704       0x44 ./Drivers/STM32F4xx_HAL_Driver/Src/stm32f4xx_hal_cortex.o
 .text.HAL_NVIC_SetPriorityGrouping
                0x0000000008002748       0x16 ./Drivers/STM32F4xx_HAL_Driver/Src/stm32f4xx_hal_cortex.o
                0x0000000008002748                HAL_NVIC_SetPriorityGrouping
 .text.HAL_NVIC_SetPriority
                0x000000000800275e       0x38 ./Drivers/STM32F4xx_HAL_Driver/Src/stm32f4xx_hal_cortex.o
                0x000000000800275e                HAL_NVIC_SetPriority
 .text.HAL_NVIC_EnableIRQ
                0x0000000008002796       0x1c ./Drivers/STM32F4xx_HAL_Driver/Src/stm32f4xx_hal_cortex.o
                0x0000000008002796                HAL_NVIC_EnableIRQ
 .text.HAL_SYSTICK_Config
                0x00000000080027b2       0x18 ./Drivers/STM32F4xx_HAL_Driver/Src/stm32f4xx_hal_cortex.o
                0x00000000080027b2                HAL_SYSTICK_Config
 *fill*         0x00000000080027ca        0x2 
 .text.HAL_DMA_Init
                0x00000000080027cc      0x15c ./Drivers/STM32F4xx_HAL_Driver/Src/stm32f4xx_hal_dma.o
                0x00000000080027cc                HAL_DMA_Init
 .text.HAL_DMA_Start_IT
                0x0000000008002928       0xb0 ./Drivers/STM32F4xx_HAL_Driver/Src/stm32f4xx_hal_dma.o
                0x0000000008002928                HAL_DMA_Start_IT
 .text.HAL_DMA_Abort
                0x00000000080029d8       0xe0 ./Drivers/STM32F4xx_HAL_Driver/Src/stm32f4xx_hal_dma.o
                0x00000000080029d8                HAL_DMA_Abort
 .text.HAL_DMA_Abort_IT
                0x0000000008002ab8       0x44 ./Drivers/STM32F4xx_HAL_Driver/Src/stm32f4xx_hal_dma.o
                0x0000000008002ab8                HAL_DMA_Abort_IT
 .text.HAL_DMA_IRQHandler
                0x0000000008002afc      0x314 ./Drivers/STM32F4xx_HAL_Driver/Src/stm32f4xx_hal_dma.o
                0x0000000008002afc                HAL_DMA_IRQHandler
 .text.DMA_SetConfig
                0x0000000008002e10       0x5c ./Drivers/STM32F4xx_HAL_Driver/Src/stm32f4xx_hal_dma.o
 .text.DMA_CalcBaseAndBitshift
                0x0000000008002e6c       0x6c ./Drivers/STM32F4xx_HAL_Driver/Src/stm32f4xx_hal_dma.o
 .text.DMA_CheckFifoParam
                0x0000000008002ed8       0xf8 ./Drivers/STM32F4xx_HAL_Driver/Src/stm32f4xx_hal_dma.o
 .text.HAL_GPIO_Init
                0x0000000008002fd0      0x338 ./Drivers/STM32F4xx_HAL_Driver/Src/stm32f4xx_hal_gpio.o
                0x0000000008002fd0                HAL_GPIO_Init
 .text.HAL_RCC_OscConfig
                0x0000000008003308      0x4f0 ./Drivers/STM32F4xx_HAL_Driver/Src/stm32f4xx_hal_rcc.o
                0x0000000008003308                HAL_RCC_OscConfig
 .text.HAL_RCC_ClockConfig
                0x00000000080037f8      0x1cc ./Drivers/STM32F4xx_HAL_Driver/Src/stm32f4xx_hal_rcc.o
                0x00000000080037f8                HAL_RCC_ClockConfig
 .text.HAL_RCC_GetSysClockFreq
                0x00000000080039c4      0x18c ./Drivers/STM32F4xx_HAL_Driver/Src/stm32f4xx_hal_rcc.o
                0x00000000080039c4                HAL_RCC_GetSysClockFreq
 .text.HAL_RCC_GetHCLKFreq
                0x0000000008003b50       0x18 ./Drivers/STM32F4xx_HAL_Driver/Src/stm32f4xx_hal_rcc.o
                0x0000000008003b50                HAL_RCC_GetHCLKFreq
 .text.HAL_RCC_GetPCLK1Freq
                0x0000000008003b68       0x28 ./Drivers/STM32F4xx_HAL_Driver/Src/stm32f4xx_hal_rcc.o
                0x0000000008003b68                HAL_RCC_GetPCLK1Freq
 .text.HAL_RCC_GetPCLK2Freq
                0x0000000008003b90       0x28 ./Drivers/STM32F4xx_HAL_Driver/Src/stm32f4xx_hal_rcc.o
                0x0000000008003b90                HAL_RCC_GetPCLK2Freq
 .text.HAL_UART_Init
                0x0000000008003bb8       0x9a ./Drivers/STM32F4xx_HAL_Driver/Src/stm32f4xx_hal_uart.o
                0x0000000008003bb8                HAL_UART_Init
 .text.HAL_UART_Receive_DMA
                0x0000000008003c52       0x60 ./Drivers/STM32F4xx_HAL_Driver/Src/stm32f4xx_hal_uart.o
                0x0000000008003c52                HAL_UART_Receive_DMA
 *fill*         0x0000000008003cb2        0x2 
 .text.HAL_UART_IRQHandler
                0x0000000008003cb4      0x51c ./Drivers/STM32F4xx_HAL_Driver/Src/stm32f4xx_hal_uart.o
                0x0000000008003cb4                HAL_UART_IRQHandler
 .text.HAL_UART_TxCpltCallback
                0x00000000080041d0       0x14 ./Drivers/STM32F4xx_HAL_Driver/Src/stm32f4xx_hal_uart.o
                0x00000000080041d0                HAL_UART_TxCpltCallback
 .text.HAL_UART_RxHalfCpltCallback
                0x00000000080041e4       0x14 ./Drivers/STM32F4xx_HAL_Driver/Src/stm32f4xx_hal_uart.o
                0x00000000080041e4                HAL_UART_RxHalfCpltCallback
 .text.HAL_UART_ErrorCallback
                0x00000000080041f8       0x14 ./Drivers/STM32F4xx_HAL_Driver/Src/stm32f4xx_hal_uart.o
                0x00000000080041f8                HAL_UART_ErrorCallback
 .text.HAL_UARTEx_RxEventCallback
                0x000000000800420c       0x18 ./Drivers/STM32F4xx_HAL_Driver/Src/stm32f4xx_hal_uart.o
                0x000000000800420c                HAL_UARTEx_RxEventCallback
 .text.UART_DMAReceiveCplt
                0x0000000008004224      0x126 ./Drivers/STM32F4xx_HAL_Driver/Src/stm32f4xx_hal_uart.o
 .text.UART_DMARxHalfCplt
                0x000000000800434a       0x36 ./Drivers/STM32F4xx_HAL_Driver/Src/stm32f4xx_hal_uart.o
 .text.UART_DMAError
                0x0000000008004380       0x94 ./Drivers/STM32F4xx_HAL_Driver/Src/stm32f4xx_hal_uart.o
 .text.UART_Start_Receive_DMA
                0x0000000008004414      0x13c ./Drivers/STM32F4xx_HAL_Driver/Src/stm32f4xx_hal_uart.o
                0x0000000008004414                UART_Start_Receive_DMA
 .text.UART_EndTxTransfer
                0x0000000008004550       0x50 ./Drivers/STM32F4xx_HAL_Driver/Src/stm32f4xx_hal_uart.o
 .text.UART_EndRxTransfer
                0x00000000080045a0       0xc6 ./Drivers/STM32F4xx_HAL_Driver/Src/stm32f4xx_hal_uart.o
 .text.UART_DMAAbortOnError
                0x0000000008004666       0x28 ./Drivers/STM32F4xx_HAL_Driver/Src/stm32f4xx_hal_uart.o
 .text.UART_Transmit_IT
                0x000000000800468e       0xa0 ./Drivers/STM32F4xx_HAL_Driver/Src/stm32f4xx_hal_uart.o
 .text.UART_EndTransmit_IT
                0x000000000800472e       0x30 ./Drivers/STM32F4xx_HAL_Driver/Src/stm32f4xx_hal_uart.o
 .text.UART_Receive_IT
                0x000000000800475e      0x176 ./Drivers/STM32F4xx_HAL_Driver/Src/stm32f4xx_hal_uart.o
 .text.UART_SetConfig
                0x00000000080048d4      0x4e8 ./Drivers/STM32F4xx_HAL_Driver/Src/stm32f4xx_hal_uart.o
 .text.__libc_init_array
                0x0000000008004dbc       0x48 c:/users/dell/stm32cubeide_1.10.1/stm32cubeide/plugins/com.st.stm32cube.ide.mcu.externaltools.gnu-tools-for-stm32.10.3-2021.10.win32_1.0.200.202301161003/tools/bin/../lib/gcc/arm-none-eabi/10.3.1/../../../../arm-none-eabi/lib/thumb/v7e-m+fp/hard\libc_nano.a(lib_a-init.o)
                0x0000000008004dbc                __libc_init_array
 .text.memset   0x0000000008004e04       0x10 c:/users/dell/stm32cubeide_1.10.1/stm32cubeide/plugins/com.st.stm32cube.ide.mcu.externaltools.gnu-tools-for-stm32.10.3-2021.10.win32_1.0.200.202301161003/tools/bin/../lib/gcc/arm-none-eabi/10.3.1/../../../../arm-none-eabi/lib/thumb/v7e-m+fp/hard\libc_nano.a(lib_a-memset.o)
                0x0000000008004e04                memset
 *(.glue_7)
 .glue_7        0x0000000008004e14        0x0 linker stubs
 *(.glue_7t)
 .glue_7t       0x0000000008004e14        0x0 linker stubs
 *(.eh_frame)
 .eh_frame      0x0000000008004e14        0x0 c:/users/dell/stm32cubeide_1.10.1/stm32cubeide/plugins/com.st.stm32cube.ide.mcu.externaltools.gnu-tools-for-stm32.10.3-2021.10.win32_1.0.200.202301161003/tools/bin/../lib/gcc/arm-none-eabi/10.3.1/thumb/v7e-m+fp/hard/crtbegin.o
 *(.init)
 .init          0x0000000008004e14        0x4 c:/users/dell/stm32cubeide_1.10.1/stm32cubeide/plugins/com.st.stm32cube.ide.mcu.externaltools.gnu-tools-for-stm32.10.3-2021.10.win32_1.0.200.202301161003/tools/bin/../lib/gcc/arm-none-eabi/10.3.1/thumb/v7e-m+fp/hard/crti.o
                0x0000000008004e14                _init
 .init          0x0000000008004e18        0x8 c:/users/dell/stm32cubeide_1.10.1/stm32cubeide/plugins/com.st.stm32cube.ide.mcu.externaltools.gnu-tools-for-stm32.10.3-2021.10.win32_1.0.200.202301161003/tools/bin/../lib/gcc/arm-none-eabi/10.3.1/thumb/v7e-m+fp/hard/crtn.o
 *(.fini)
 .fini          0x0000000008004e20        0x4 c:/users/dell/stm32cubeide_1.10.1/stm32cubeide/plugins/com.st.stm32cube.ide.mcu.externaltools.gnu-tools-for-stm32.10.3-2021.10.win32_1.0.200.202301161003/tools/bin/../lib/gcc/arm-none-eabi/10.3.1/thumb/v7e-m+fp/hard/crti.o
                0x0000000008004e20                _fini
 .fini          0x0000000008004e24        0x8 c:/users/dell/stm32cubeide_1.10.1/stm32cubeide/plugins/com.st.stm32cube.ide.mcu.externaltools.gnu-tools-for-stm32.10.3-2021.10.win32_1.0.200.202301161003/tools/bin/../lib/gcc/arm-none-eabi/10.3.1/thumb/v7e-m+fp/hard/crtn.o
                0x0000000008004e2c                . = ALIGN (0x4)
                0x0000000008004e2c                _etext = .

.vfp11_veneer   0x0000000008004e2c        0x0
 .vfp11_veneer  0x0000000008004e2c        0x0 linker stubs

.v4_bx          0x0000000008004e2c        0x0
 .v4_bx         0x0000000008004e2c        0x0 linker stubs

.iplt           0x0000000008004e2c        0x0
 .iplt          0x0000000008004e2c        0x0 c:/users/dell/stm32cubeide_1.10.1/stm32cubeide/plugins/com.st.stm32cube.ide.mcu.externaltools.gnu-tools-for-stm32.10.3-2021.10.win32_1.0.200.202301161003/tools/bin/../lib/gcc/arm-none-eabi/10.3.1/thumb/v7e-m+fp/hard/crtbegin.o

.rodata         0x0000000008004e2c       0x20
                0x0000000008004e2c                . = ALIGN (0x4)
 *(.rodata)
 *(.rodata*)
 .rodata.AHBPrescTable
                0x0000000008004e2c       0x10 ./Core/Src/system_stm32f4xx.o
                0x0000000008004e2c                AHBPrescTable
 .rodata.APBPrescTable
                0x0000000008004e3c        0x8 ./Core/Src/system_stm32f4xx.o
                0x0000000008004e3c                APBPrescTable
 .rodata.flagBitshiftOffset.0
                0x0000000008004e44        0x8 ./Drivers/STM32F4xx_HAL_Driver/Src/stm32f4xx_hal_dma.o
                0x0000000008004e4c                . = ALIGN (0x4)

.ARM.extab      0x0000000008004e4c        0x0
                0x0000000008004e4c                . = ALIGN (0x4)
 *(.ARM.extab* .gnu.linkonce.armextab.*)
                0x0000000008004e4c                . = ALIGN (0x4)

.ARM            0x0000000008004e4c        0x8
                0x0000000008004e4c                . = ALIGN (0x4)
                0x0000000008004e4c                __exidx_start = .
 *(.ARM.exidx*)
 .ARM.exidx     0x0000000008004e4c        0x8 c:/users/dell/stm32cubeide_1.10.1/stm32cubeide/plugins/com.st.stm32cube.ide.mcu.externaltools.gnu-tools-for-stm32.10.3-2021.10.win32_1.0.200.202301161003/tools/bin/../lib/gcc/arm-none-eabi/10.3.1/thumb/v7e-m+fp/hard\libgcc.a(_udivmoddi4.o)
                0x0000000008004e54                __exidx_end = .
                0x0000000008004e54                . = ALIGN (0x4)

.rel.dyn        0x0000000008004e54        0x0
 .rel.iplt      0x0000000008004e54        0x0 c:/users/dell/stm32cubeide_1.10.1/stm32cubeide/plugins/com.st.stm32cube.ide.mcu.externaltools.gnu-tools-for-stm32.10.3-2021.10.win32_1.0.200.202301161003/tools/bin/../lib/gcc/arm-none-eabi/10.3.1/thumb/v7e-m+fp/hard/crtbegin.o

.preinit_array  0x0000000008004e54        0x0
                0x0000000008004e54                . = ALIGN (0x4)
                0x0000000008004e54                PROVIDE (__preinit_array_start = .)
 *(.preinit_array*)
                0x0000000008004e54                PROVIDE (__preinit_array_end = .)
                0x0000000008004e54                . = ALIGN (0x4)

.init_array     0x0000000008004e54        0x4
                0x0000000008004e54                . = ALIGN (0x4)
                0x0000000008004e54                PROVIDE (__init_array_start = .)
 *(SORT_BY_NAME(.init_array.*))
 *(.init_array*)
 .init_array    0x0000000008004e54        0x4 c:/users/dell/stm32cubeide_1.10.1/stm32cubeide/plugins/com.st.stm32cube.ide.mcu.externaltools.gnu-tools-for-stm32.10.3-2021.10.win32_1.0.200.202301161003/tools/bin/../lib/gcc/arm-none-eabi/10.3.1/thumb/v7e-m+fp/hard/crtbegin.o
                0x0000000008004e58                PROVIDE (__init_array_end = .)
                0x0000000008004e58                . = ALIGN (0x4)

.fini_array     0x0000000008004e58        0x4
                0x0000000008004e58                . = ALIGN (0x4)
                [!provide]                        PROVIDE (__fini_array_start = .)
 *(SORT_BY_NAME(.fini_array.*))
 *(.fini_array*)
 .fini_array    0x0000000008004e58        0x4 c:/users/dell/stm32cubeide_1.10.1/stm32cubeide/plugins/com.st.stm32cube.ide.mcu.externaltools.gnu-tools-for-stm32.10.3-2021.10.win32_1.0.200.202301161003/tools/bin/../lib/gcc/arm-none-eabi/10.3.1/thumb/v7e-m+fp/hard/crtbegin.o
                [!provide]                        PROVIDE (__fini_array_end = .)
                0x0000000008004e5c                . = ALIGN (0x4)
                0x0000000008004e5c                _sidata = LOADADDR (.data)

.data           0x0000000020000000      0x14c load address 0x0000000008004e5c
                0x0000000020000000                . = ALIGN (0x4)
                0x0000000020000000                _sdata = .
 *(.data)
 *(.data*)
 .data.PID_SpeedCtrl_Config
                0x0000000020000000       0xa0 ./Core/Src/pid.o
                0x0000000020000000                PID_SpeedCtrl_Config
 .data.PID_AngleCtrl_Config
                0x00000000200000a0       0xa0 ./Core/Src/pid.o
                0x00000000200000a0                PID_AngleCtrl_Config
 .data.SystemCoreClock
                0x0000000020000140        0x4 ./Core/Src/system_stm32f4xx.o
                0x0000000020000140                SystemCoreClock
 .data.uwTickPrio
                0x0000000020000144        0x4 ./Drivers/STM32F4xx_HAL_Driver/Src/stm32f4xx_hal.o
                0x0000000020000144                uwTickPrio
 .data.uwTickFreq
                0x0000000020000148        0x1 ./Drivers/STM32F4xx_HAL_Driver/Src/stm32f4xx_hal.o
                0x0000000020000148                uwTickFreq
 *(.RamFunc)
 *(.RamFunc*)
                0x000000002000014c                . = ALIGN (0x4)
 *fill*         0x0000000020000149        0x3 
                0x000000002000014c                _edata = .
                0x0000000008004fa8                _siccmram = LOADADDR (.ccmram)

.igot.plt       0x000000002000014c        0x0 load address 0x0000000008004fa8
 .igot.plt      0x000000002000014c        0x0 c:/users/dell/stm32cubeide_1.10.1/stm32cubeide/plugins/com.st.stm32cube.ide.mcu.externaltools.gnu-tools-for-stm32.10.3-2021.10.win32_1.0.200.202301161003/tools/bin/../lib/gcc/arm-none-eabi/10.3.1/thumb/v7e-m+fp/hard/crtbegin.o

.ccmram         0x0000000010000000        0x0 load address 0x0000000008004fa8
                0x0000000010000000                . = ALIGN (0x4)
                0x0000000010000000                _sccmram = .
 *(.ccmram)
 *(.ccmram*)
                0x0000000010000000                . = ALIGN (0x4)
                0x0000000010000000                _eccmram = .
                0x0000000010000000                . = ALIGN (0x4)

.bss            0x000000002000014c      0x700
                0x000000002000014c                _sbss = .
                0x000000002000014c                __bss_start__ = _sbss
 *(.bss)
 .bss           0x000000002000014c       0x1c c:/users/dell/stm32cubeide_1.10.1/stm32cubeide/plugins/com.st.stm32cube.ide.mcu.externaltools.gnu-tools-for-stm32.10.3-2021.10.win32_1.0.200.202301161003/tools/bin/../lib/gcc/arm-none-eabi/10.3.1/thumb/v7e-m+fp/hard/crtbegin.o
 *(.bss*)
 .bss.remote_WatchDog
                0x0000000020000168        0x8 ./Core/Src/WatchDog.o
                0x0000000020000168                remote_WatchDog
 .bss.Motor_Status
                0x0000000020000170        0x1 ./Core/Src/WatchDog.o
                0x0000000020000170                Motor_Status
 *fill*         0x0000000020000171        0x3 
 .bss.Can_RxData
                0x0000000020000174        0x8 ./Core/Src/can.o
                0x0000000020000174                Can_RxData
 .bss.Can_TxData
                0x000000002000017c        0x8 ./Core/Src/can.o
                0x000000002000017c                Can_TxData
 .bss.Can_cmdHeader
                0x0000000020000184       0xc0 ./Core/Src/can.o
                0x0000000020000184                Can_cmdHeader
 .bss.Can_recHeader
                0x0000000020000244       0xe0 ./Core/Src/can.o
                0x0000000020000244                Can_recHeader
 .bss.sCan_RxHeader
                0x0000000020000324       0x1c ./Core/Src/can.o
                0x0000000020000324                sCan_RxHeader
 .bss.Chassis_ctrl
                0x0000000020000340       0x10 ./Core/Src/friction.o
                0x0000000020000340                Chassis_ctrl
 .bss.hcan1     0x0000000020000350       0x28 ./Core/Src/main.o
                0x0000000020000350                hcan1
 .bss.huart3    0x0000000020000378       0x44 ./Core/Src/main.o
                0x0000000020000378                huart3
 .bss.hdma_usart3_rx
                0x00000000200003bc       0x60 ./Core/Src/main.o
                0x00000000200003bc                hdma_usart3_rx
 .bss.show_motor1
                0x000000002000041c        0x4 ./Core/Src/main.o
                0x000000002000041c                show_motor1
 .bss.show_motor2
                0x0000000020000420        0x4 ./Core/Src/main.o
                0x0000000020000420                show_motor2
 .bss.friction_speed_commend
                0x0000000020000424        0x4 ./Core/Src/main.o
                0x0000000020000424                friction_speed_commend
 .bss.ammo_feed_commend
                0x0000000020000428        0x4 ./Core/Src/main.o
                0x0000000020000428                ammo_feed_commend
 .bss.PID_Motor_Speed
                0x000000002000042c      0x1a0 ./Core/Src/pid.o
                0x000000002000042c                PID_Motor_Speed
 .bss.PID_Motor_Angle
                0x00000000200005cc      0x1a0 ./Core/Src/pid.o
                0x00000000200005cc                PID_Motor_Angle
 .bss.Motor     0x000000002000076c       0xa0 ./Core/Src/pid.o
                0x000000002000076c                Motor
 .bss.RC_Ctl    0x000000002000080c       0x16 ./Core/Src/remote.o
                0x000000002000080c                RC_Ctl
 *fill*         0x0000000020000822        0x2 
 .bss.RC_buff   0x0000000020000824       0x24 ./Core/Src/remote.o
                0x0000000020000824                RC_buff
 .bss.uwTick    0x0000000020000848        0x4 ./Drivers/STM32F4xx_HAL_Driver/Src/stm32f4xx_hal.o
                0x0000000020000848                uwTick
 *(COMMON)
                0x000000002000084c                . = ALIGN (0x4)
                0x000000002000084c                _ebss = .
                0x000000002000084c                __bss_end__ = _ebss

._user_heap_stack
                0x000000002000084c      0x604
                0x0000000020000850                . = ALIGN (0x8)
 *fill*         0x000000002000084c        0x4 
                [!provide]                        PROVIDE (end = .)
                0x0000000020000850                PROVIDE (_end = .)
                0x0000000020000a50                . = (. + _Min_Heap_Size)
 *fill*         0x0000000020000850      0x200 
                0x0000000020000e50                . = (. + _Min_Stack_Size)
 *fill*         0x0000000020000a50      0x400 
                0x0000000020000e50                . = ALIGN (0x8)

/DISCARD/
 libc.a(*)
 libm.a(*)
 libgcc.a(*)

.ARM.attributes
                0x0000000000000000       0x30
 *(.ARM.attributes)
 .ARM.attributes
                0x0000000000000000       0x1e c:/users/dell/stm32cubeide_1.10.1/stm32cubeide/plugins/com.st.stm32cube.ide.mcu.externaltools.gnu-tools-for-stm32.10.3-2021.10.win32_1.0.200.202301161003/tools/bin/../lib/gcc/arm-none-eabi/10.3.1/thumb/v7e-m+fp/hard/crti.o
 .ARM.attributes
                0x000000000000001e       0x34 c:/users/dell/stm32cubeide_1.10.1/stm32cubeide/plugins/com.st.stm32cube.ide.mcu.externaltools.gnu-tools-for-stm32.10.3-2021.10.win32_1.0.200.202301161003/tools/bin/../lib/gcc/arm-none-eabi/10.3.1/thumb/v7e-m+fp/hard/crtbegin.o
 .ARM.attributes
                0x0000000000000052       0x34 ./Core/Src/WatchDog.o
 .ARM.attributes
                0x0000000000000086       0x34 ./Core/Src/can.o
 .ARM.attributes
                0x00000000000000ba       0x34 ./Core/Src/friction.o
 .ARM.attributes
                0x00000000000000ee       0x34 ./Core/Src/main.o
 .ARM.attributes
                0x0000000000000122       0x34 ./Core/Src/pid.o
 .ARM.attributes
                0x0000000000000156       0x34 ./Core/Src/remote.o
 .ARM.attributes
                0x000000000000018a       0x34 ./Core/Src/stm32f4xx_hal_msp.o
 .ARM.attributes
                0x00000000000001be       0x34 ./Core/Src/stm32f4xx_it.o
 .ARM.attributes
                0x00000000000001f2       0x34 ./Core/Src/system_stm32f4xx.o
 .ARM.attributes
                0x0000000000000226       0x21 ./Core/Startup/startup_stm32f407ighx.o
 .ARM.attributes
                0x0000000000000247       0x34 ./Drivers/STM32F4xx_HAL_Driver/Src/stm32f4xx_hal.o
 .ARM.attributes
                0x000000000000027b       0x34 ./Drivers/STM32F4xx_HAL_Driver/Src/stm32f4xx_hal_can.o
 .ARM.attributes
                0x00000000000002af       0x34 ./Drivers/STM32F4xx_HAL_Driver/Src/stm32f4xx_hal_cortex.o
 .ARM.attributes
                0x00000000000002e3       0x34 ./Drivers/STM32F4xx_HAL_Driver/Src/stm32f4xx_hal_dma.o
 .ARM.attributes
                0x0000000000000317       0x34 ./Drivers/STM32F4xx_HAL_Driver/Src/stm32f4xx_hal_gpio.o
 .ARM.attributes
                0x000000000000034b       0x34 ./Drivers/STM32F4xx_HAL_Driver/Src/stm32f4xx_hal_rcc.o
 .ARM.attributes
                0x000000000000037f       0x34 ./Drivers/STM32F4xx_HAL_Driver/Src/stm32f4xx_hal_uart.o
 .ARM.attributes
                0x00000000000003b3       0x34 c:/users/dell/stm32cubeide_1.10.1/stm32cubeide/plugins/com.st.stm32cube.ide.mcu.externaltools.gnu-tools-for-stm32.10.3-2021.10.win32_1.0.200.202301161003/tools/bin/../lib/gcc/arm-none-eabi/10.3.1/../../../../arm-none-eabi/lib/thumb/v7e-m+fp/hard\libc_nano.a(lib_a-init.o)
 .ARM.attributes
                0x00000000000003e7       0x34 c:/users/dell/stm32cubeide_1.10.1/stm32cubeide/plugins/com.st.stm32cube.ide.mcu.externaltools.gnu-tools-for-stm32.10.3-2021.10.win32_1.0.200.202301161003/tools/bin/../lib/gcc/arm-none-eabi/10.3.1/../../../../arm-none-eabi/lib/thumb/v7e-m+fp/hard\libc_nano.a(lib_a-memset.o)
 .ARM.attributes
                0x000000000000041b       0x1e c:/users/dell/stm32cubeide_1.10.1/stm32cubeide/plugins/com.st.stm32cube.ide.mcu.externaltools.gnu-tools-for-stm32.10.3-2021.10.win32_1.0.200.202301161003/tools/bin/../lib/gcc/arm-none-eabi/10.3.1/thumb/v7e-m+fp/hard\libgcc.a(_aeabi_uldivmod.o)
 .ARM.attributes
                0x0000000000000439       0x34 c:/users/dell/stm32cubeide_1.10.1/stm32cubeide/plugins/com.st.stm32cube.ide.mcu.externaltools.gnu-tools-for-stm32.10.3-2021.10.win32_1.0.200.202301161003/tools/bin/../lib/gcc/arm-none-eabi/10.3.1/thumb/v7e-m+fp/hard\libgcc.a(_udivmoddi4.o)
 .ARM.attributes
                0x000000000000046d       0x1e c:/users/dell/stm32cubeide_1.10.1/stm32cubeide/plugins/com.st.stm32cube.ide.mcu.externaltools.gnu-tools-for-stm32.10.3-2021.10.win32_1.0.200.202301161003/tools/bin/../lib/gcc/arm-none-eabi/10.3.1/thumb/v7e-m+fp/hard\libgcc.a(_dvmd_tls.o)
 .ARM.attributes
                0x000000000000048b       0x1e c:/users/dell/stm32cubeide_1.10.1/stm32cubeide/plugins/com.st.stm32cube.ide.mcu.externaltools.gnu-tools-for-stm32.10.3-2021.10.win32_1.0.200.202301161003/tools/bin/../lib/gcc/arm-none-eabi/10.3.1/thumb/v7e-m+fp/hard/crtn.o
OUTPUT(Shooter_test.elf elf32-littlearm)
LOAD linker stubs
LOAD c:/users/dell/stm32cubeide_1.10.1/stm32cubeide/plugins/com.st.stm32cube.ide.mcu.externaltools.gnu-tools-for-stm32.10.3-2021.10.win32_1.0.200.202301161003/tools/bin/../lib/gcc/arm-none-eabi/10.3.1/../../../../arm-none-eabi/lib/thumb/v7e-m+fp/hard\libc.a
LOAD c:/users/dell/stm32cubeide_1.10.1/stm32cubeide/plugins/com.st.stm32cube.ide.mcu.externaltools.gnu-tools-for-stm32.10.3-2021.10.win32_1.0.200.202301161003/tools/bin/../lib/gcc/arm-none-eabi/10.3.1/../../../../arm-none-eabi/lib/thumb/v7e-m+fp/hard\libm.a
LOAD c:/users/dell/stm32cubeide_1.10.1/stm32cubeide/plugins/com.st.stm32cube.ide.mcu.externaltools.gnu-tools-for-stm32.10.3-2021.10.win32_1.0.200.202301161003/tools/bin/../lib/gcc/arm-none-eabi/10.3.1/thumb/v7e-m+fp/hard\libgcc.a

.debug_info     0x0000000000000000     0xcf75
 .debug_info    0x0000000000000000      0x36b ./Core/Src/WatchDog.o
 .debug_info    0x000000000000036b      0xeb7 ./Core/Src/can.o
 .debug_info    0x0000000000001222      0x82c ./Core/Src/friction.o
 .debug_info    0x0000000000001a4e     0x160c ./Core/Src/main.o
 .debug_info    0x000000000000305a      0x3cc ./Core/Src/pid.o
 .debug_info    0x0000000000003426      0xba0 ./Core/Src/remote.o
 .debug_info    0x0000000000003fc6      0xc54 ./Core/Src/stm32f4xx_hal_msp.o
 .debug_info    0x0000000000004c1a      0xae1 ./Core/Src/stm32f4xx_it.o
 .debug_info    0x00000000000056fb      0x523 ./Core/Src/system_stm32f4xx.o
 .debug_info    0x0000000000005c1e       0x22 ./Core/Startup/startup_stm32f407ighx.o
 .debug_info    0x0000000000005c40      0x97c ./Drivers/STM32F4xx_HAL_Driver/Src/stm32f4xx_hal.o
 .debug_info    0x00000000000065bc      0xfc3 ./Drivers/STM32F4xx_HAL_Driver/Src/stm32f4xx_hal_can.o
 .debug_info    0x000000000000757f      0xe1b ./Drivers/STM32F4xx_HAL_Driver/Src/stm32f4xx_hal_cortex.o
 .debug_info    0x000000000000839a      0x94f ./Drivers/STM32F4xx_HAL_Driver/Src/stm32f4xx_hal_dma.o
 .debug_info    0x0000000000008ce9      0x76a ./Drivers/STM32F4xx_HAL_Driver/Src/stm32f4xx_hal_gpio.o
 .debug_info    0x0000000000009453      0x966 ./Drivers/STM32F4xx_HAL_Driver/Src/stm32f4xx_hal_rcc.o
 .debug_info    0x0000000000009db9     0x31bc ./Drivers/STM32F4xx_HAL_Driver/Src/stm32f4xx_hal_uart.o

.debug_abbrev   0x0000000000000000     0x225d
 .debug_abbrev  0x0000000000000000      0x177 ./Core/Src/WatchDog.o
 .debug_abbrev  0x0000000000000177      0x24a ./Core/Src/can.o
 .debug_abbrev  0x00000000000003c1      0x1c7 ./Core/Src/friction.o
 .debug_abbrev  0x0000000000000588      0x318 ./Core/Src/main.o
 .debug_abbrev  0x00000000000008a0      0x132 ./Core/Src/pid.o
 .debug_abbrev  0x00000000000009d2      0x28b ./Core/Src/remote.o
 .debug_abbrev  0x0000000000000c5d      0x1f6 ./Core/Src/stm32f4xx_hal_msp.o
 .debug_abbrev  0x0000000000000e53      0x1d4 ./Core/Src/stm32f4xx_it.o
 .debug_abbrev  0x0000000000001027      0x116 ./Core/Src/system_stm32f4xx.o
 .debug_abbrev  0x000000000000113d       0x12 ./Core/Startup/startup_stm32f407ighx.o
 .debug_abbrev  0x000000000000114f      0x20d ./Drivers/STM32F4xx_HAL_Driver/Src/stm32f4xx_hal.o
 .debug_abbrev  0x000000000000135c      0x22e ./Drivers/STM32F4xx_HAL_Driver/Src/stm32f4xx_hal_can.o
 .debug_abbrev  0x000000000000158a      0x316 ./Drivers/STM32F4xx_HAL_Driver/Src/stm32f4xx_hal_cortex.o
 .debug_abbrev  0x00000000000018a0      0x25b ./Drivers/STM32F4xx_HAL_Driver/Src/stm32f4xx_hal_dma.o
 .debug_abbrev  0x0000000000001afb      0x1c4 ./Drivers/STM32F4xx_HAL_Driver/Src/stm32f4xx_hal_gpio.o
 .debug_abbrev  0x0000000000001cbf      0x2aa ./Drivers/STM32F4xx_HAL_Driver/Src/stm32f4xx_hal_rcc.o
 .debug_abbrev  0x0000000000001f69      0x2f4 ./Drivers/STM32F4xx_HAL_Driver/Src/stm32f4xx_hal_uart.o

.debug_aranges  0x0000000000000000      0x928
 .debug_aranges
                0x0000000000000000       0x38 ./Core/Src/WatchDog.o
 .debug_aranges
                0x0000000000000038       0x48 ./Core/Src/can.o
 .debug_aranges
                0x0000000000000080       0x28 ./Core/Src/friction.o
 .debug_aranges
                0x00000000000000a8       0x48 ./Core/Src/main.o
 .debug_aranges
                0x00000000000000f0       0x38 ./Core/Src/pid.o
 .debug_aranges
                0x0000000000000128       0x40 ./Core/Src/remote.o
 .debug_aranges
                0x0000000000000168       0x30 ./Core/Src/stm32f4xx_hal_msp.o
 .debug_aranges
                0x0000000000000198       0x90 ./Core/Src/stm32f4xx_it.o
 .debug_aranges
                0x0000000000000228       0x28 ./Core/Src/system_stm32f4xx.o
 .debug_aranges
                0x0000000000000250       0x28 ./Core/Startup/startup_stm32f407ighx.o
 .debug_aranges
                0x0000000000000278       0xf0 ./Drivers/STM32F4xx_HAL_Driver/Src/stm32f4xx_hal.o
 .debug_aranges
                0x0000000000000368      0x138 ./Drivers/STM32F4xx_HAL_Driver/Src/stm32f4xx_hal_can.o
 .debug_aranges
                0x00000000000004a0      0x118 ./Drivers/STM32F4xx_HAL_Driver/Src/stm32f4xx_hal_cortex.o
 .debug_aranges
                0x00000000000005b8       0x90 ./Drivers/STM32F4xx_HAL_Driver/Src/stm32f4xx_hal_dma.o
 .debug_aranges
                0x0000000000000648       0x58 ./Drivers/STM32F4xx_HAL_Driver/Src/stm32f4xx_hal_gpio.o
 .debug_aranges
                0x00000000000006a0       0x88 ./Drivers/STM32F4xx_HAL_Driver/Src/stm32f4xx_hal_rcc.o
 .debug_aranges
                0x0000000000000728      0x200 ./Drivers/STM32F4xx_HAL_Driver/Src/stm32f4xx_hal_uart.o

.debug_ranges   0x0000000000000000      0x850
 .debug_ranges  0x0000000000000000       0x28 ./Core/Src/WatchDog.o
 .debug_ranges  0x0000000000000028       0x38 ./Core/Src/can.o
 .debug_ranges  0x0000000000000060       0x18 ./Core/Src/friction.o
 .debug_ranges  0x0000000000000078       0x38 ./Core/Src/main.o
 .debug_ranges  0x00000000000000b0       0x28 ./Core/Src/pid.o
 .debug_ranges  0x00000000000000d8       0x30 ./Core/Src/remote.o
 .debug_ranges  0x0000000000000108       0x20 ./Core/Src/stm32f4xx_hal_msp.o
 .debug_ranges  0x0000000000000128       0x80 ./Core/Src/stm32f4xx_it.o
 .debug_ranges  0x00000000000001a8       0x18 ./Core/Src/system_stm32f4xx.o
 .debug_ranges  0x00000000000001c0       0x20 ./Core/Startup/startup_stm32f407ighx.o
 .debug_ranges  0x00000000000001e0       0xe0 ./Drivers/STM32F4xx_HAL_Driver/Src/stm32f4xx_hal.o
 .debug_ranges  0x00000000000002c0      0x128 ./Drivers/STM32F4xx_HAL_Driver/Src/stm32f4xx_hal_can.o
 .debug_ranges  0x00000000000003e8      0x108 ./Drivers/STM32F4xx_HAL_Driver/Src/stm32f4xx_hal_cortex.o
 .debug_ranges  0x00000000000004f0       0x80 ./Drivers/STM32F4xx_HAL_Driver/Src/stm32f4xx_hal_dma.o
 .debug_ranges  0x0000000000000570       0x48 ./Drivers/STM32F4xx_HAL_Driver/Src/stm32f4xx_hal_gpio.o
 .debug_ranges  0x00000000000005b8       0x78 ./Drivers/STM32F4xx_HAL_Driver/Src/stm32f4xx_hal_rcc.o
 .debug_ranges  0x0000000000000630      0x220 ./Drivers/STM32F4xx_HAL_Driver/Src/stm32f4xx_hal_uart.o

.debug_macro    0x0000000000000000    0x20f45
 .debug_macro   0x0000000000000000      0x1f1 ./Core/Src/WatchDog.o
 .debug_macro   0x00000000000001f1      0xa78 ./Core/Src/WatchDog.o
 .debug_macro   0x0000000000000c69      0x29b ./Core/Src/WatchDog.o
 .debug_macro   0x0000000000000f04       0x2e ./Core/Src/WatchDog.o
 .debug_macro   0x0000000000000f32       0x2f ./Core/Src/WatchDog.o
 .debug_macro   0x0000000000000f61       0x22 ./Core/Src/WatchDog.o
 .debug_macro   0x0000000000000f83       0x8e ./Core/Src/WatchDog.o
 .debug_macro   0x0000000000001011       0x51 ./Core/Src/WatchDog.o
 .debug_macro   0x0000000000001062      0x103 ./Core/Src/WatchDog.o
 .debug_macro   0x0000000000001165       0x6a ./Core/Src/WatchDog.o
 .debug_macro   0x00000000000011cf      0x1df ./Core/Src/WatchDog.o
 .debug_macro   0x00000000000013ae       0x1c ./Core/Src/WatchDog.o
 .debug_macro   0x00000000000013ca       0x22 ./Core/Src/WatchDog.o
 .debug_macro   0x00000000000013ec       0xd9 ./Core/Src/WatchDog.o
 .debug_macro   0x00000000000014c5     0x102d ./Core/Src/WatchDog.o
 .debug_macro   0x00000000000024f2      0x11f ./Core/Src/WatchDog.o
 .debug_macro   0x0000000000002611    0x15e82 ./Core/Src/WatchDog.o
 .debug_macro   0x0000000000018493       0x6d ./Core/Src/WatchDog.o
 .debug_macro   0x0000000000018500     0x367e ./Core/Src/WatchDog.o
 .debug_macro   0x000000000001bb7e      0x174 ./Core/Src/WatchDog.o
 .debug_macro   0x000000000001bcf2       0x5c ./Core/Src/WatchDog.o
 .debug_macro   0x000000000001bd4e      0x96b ./Core/Src/WatchDog.o
 .debug_macro   0x000000000001c6b9      0x9fe ./Core/Src/WatchDog.o
 .debug_macro   0x000000000001d0b7      0x115 ./Core/Src/WatchDog.o
 .debug_macro   0x000000000001d1cc      0x13e ./Core/Src/WatchDog.o
 .debug_macro   0x000000000001d30a       0xa5 ./Core/Src/WatchDog.o
 .debug_macro   0x000000000001d3af      0x174 ./Core/Src/WatchDog.o
 .debug_macro   0x000000000001d523      0x287 ./Core/Src/WatchDog.o
 .debug_macro   0x000000000001d7aa       0x5f ./Core/Src/WatchDog.o
 .debug_macro   0x000000000001d809      0x236 ./Core/Src/WatchDog.o
 .debug_macro   0x000000000001da3f      0x40f ./Core/Src/WatchDog.o
 .debug_macro   0x000000000001de4e      0x12c ./Core/Src/WatchDog.o
 .debug_macro   0x000000000001df7a      0x21e ./Core/Src/WatchDog.o
 .debug_macro   0x000000000001e198       0x2e ./Core/Src/WatchDog.o
 .debug_macro   0x000000000001e1c6      0x11a ./Core/Src/WatchDog.o
 .debug_macro   0x000000000001e2e0       0x7e ./Core/Src/WatchDog.o
 .debug_macro   0x000000000001e35e       0x89 ./Core/Src/WatchDog.o
 .debug_macro   0x000000000001e3e7      0x295 ./Core/Src/WatchDog.o
 .debug_macro   0x000000000001e67c      0x12d ./Core/Src/WatchDog.o
 .debug_macro   0x000000000001e7a9       0x22 ./Core/Src/WatchDog.o
 .debug_macro   0x000000000001e7cb      0x1eb ./Core/Src/can.o
 .debug_macro   0x000000000001e9b6      0x1f1 ./Core/Src/friction.o
 .debug_macro   0x000000000001eba7      0x207 ./Core/Src/main.o
 .debug_macro   0x000000000001edae       0x2e ./Core/Src/main.o
 .debug_macro   0x000000000001eddc       0x10 ./Core/Src/main.o
 .debug_macro   0x000000000001edec      0x288 ./Core/Src/pid.o
 .debug_macro   0x000000000001f074       0x52 ./Core/Src/pid.o
 .debug_macro   0x000000000001f0c6       0x1e ./Core/Src/pid.o
 .debug_macro   0x000000000001f0e4       0x3c ./Core/Src/pid.o
 .debug_macro   0x000000000001f120       0x34 ./Core/Src/pid.o
 .debug_macro   0x000000000001f154       0x16 ./Core/Src/pid.o
 .debug_macro   0x000000000001f16a       0x43 ./Core/Src/pid.o
 .debug_macro   0x000000000001f1ad       0x34 ./Core/Src/pid.o
 .debug_macro   0x000000000001f1e1       0x10 ./Core/Src/pid.o
 .debug_macro   0x000000000001f1f1       0x58 ./Core/Src/pid.o
 .debug_macro   0x000000000001f249       0x71 ./Core/Src/pid.o
 .debug_macro   0x000000000001f2ba       0x1c ./Core/Src/pid.o
 .debug_macro   0x000000000001f2d6      0x12a ./Core/Src/pid.o
 .debug_macro   0x000000000001f400      0x341 ./Core/Src/pid.o
 .debug_macro   0x000000000001f741      0x19b ./Core/Src/pid.o
 .debug_macro   0x000000000001f8dc      0x31e ./Core/Src/remote.o
 .debug_macro   0x000000000001fbfa       0x28 ./Core/Src/remote.o
 .debug_macro   0x000000000001fc22       0x10 ./Core/Src/remote.o
 .debug_macro   0x000000000001fc32       0x35 ./Core/Src/remote.o
 .debug_macro   0x000000000001fc67       0x20 ./Core/Src/remote.o
 .debug_macro   0x000000000001fc87       0x16 ./Core/Src/remote.o
 .debug_macro   0x000000000001fc9d       0x16 ./Core/Src/remote.o
 .debug_macro   0x000000000001fcb3       0x29 ./Core/Src/remote.o
 .debug_macro   0x000000000001fcdc      0x1d3 ./Core/Src/stm32f4xx_hal_msp.o
 .debug_macro   0x000000000001feaf      0x1dd ./Core/Src/stm32f4xx_it.o
 .debug_macro   0x000000000002008c      0x1c4 ./Core/Src/system_stm32f4xx.o
 .debug_macro   0x0000000000020250      0x224 ./Drivers/STM32F4xx_HAL_Driver/Src/stm32f4xx_hal.o
 .debug_macro   0x0000000000020474      0x1cc ./Drivers/STM32F4xx_HAL_Driver/Src/stm32f4xx_hal_can.o
 .debug_macro   0x0000000000020640      0x1c4 ./Drivers/STM32F4xx_HAL_Driver/Src/stm32f4xx_hal_cortex.o
 .debug_macro   0x0000000000020804      0x1ca ./Drivers/STM32F4xx_HAL_Driver/Src/stm32f4xx_hal_dma.o
 .debug_macro   0x00000000000209ce      0x1ca ./Drivers/STM32F4xx_HAL_Driver/Src/stm32f4xx_hal_gpio.o
 .debug_macro   0x0000000000020b98      0x1e8 ./Drivers/STM32F4xx_HAL_Driver/Src/stm32f4xx_hal_rcc.o
 .debug_macro   0x0000000000020d80      0x1c5 ./Drivers/STM32F4xx_HAL_Driver/Src/stm32f4xx_hal_uart.o

.debug_line     0x0000000000000000     0xc5a3
 .debug_line    0x0000000000000000      0x7c0 ./Core/Src/WatchDog.o
 .debug_line    0x00000000000007c0      0x901 ./Core/Src/can.o
 .debug_line    0x00000000000010c1      0x76f ./Core/Src/friction.o
 .debug_line    0x0000000000001830      0x843 ./Core/Src/main.o
 .debug_line    0x0000000000002073      0xa8d ./Core/Src/pid.o
 .debug_line    0x0000000000002b00      0xa8a ./Core/Src/remote.o
 .debug_line    0x000000000000358a      0x741 ./Core/Src/stm32f4xx_hal_msp.o
 .debug_line    0x0000000000003ccb      0x81c ./Core/Src/stm32f4xx_it.o
 .debug_line    0x00000000000044e7      0x74b ./Core/Src/system_stm32f4xx.o
 .debug_line    0x0000000000004c32       0x88 ./Core/Startup/startup_stm32f407ighx.o
 .debug_line    0x0000000000004cba      0x9b1 ./Drivers/STM32F4xx_HAL_Driver/Src/stm32f4xx_hal.o
 .debug_line    0x000000000000566b     0x111d ./Drivers/STM32F4xx_HAL_Driver/Src/stm32f4xx_hal_can.o
 .debug_line    0x0000000000006788      0xc60 ./Drivers/STM32F4xx_HAL_Driver/Src/stm32f4xx_hal_cortex.o
 .debug_line    0x00000000000073e8      0xf15 ./Drivers/STM32F4xx_HAL_Driver/Src/stm32f4xx_hal_dma.o
 .debug_line    0x00000000000082fd      0xb25 ./Drivers/STM32F4xx_HAL_Driver/Src/stm32f4xx_hal_gpio.o
 .debug_line    0x0000000000008e22      0xd2b ./Drivers/STM32F4xx_HAL_Driver/Src/stm32f4xx_hal_rcc.o
 .debug_line    0x0000000000009b4d     0x2a56 ./Drivers/STM32F4xx_HAL_Driver/Src/stm32f4xx_hal_uart.o

.debug_str      0x0000000000000000    0xc4f74
 .debug_str     0x0000000000000000    0xbe7a2 ./Core/Src/WatchDog.o
                                      0xbea2e (size before relaxing)
 .debug_str     0x00000000000be7a2      0xb6f ./Core/Src/can.o
                                      0xbf495 (size before relaxing)
 .debug_str     0x00000000000bf311       0xab ./Core/Src/friction.o
                                      0xbed4c (size before relaxing)
 .debug_str     0x00000000000bf3bc      0x70f ./Core/Src/main.o
                                      0xbfa71 (size before relaxing)
 .debug_str     0x00000000000bfacb     0x35ee ./Core/Src/pid.o
                                      0xc1fb2 (size before relaxing)
 .debug_str     0x00000000000c30b9      0x252 ./Core/Src/remote.o
                                      0xc278b (size before relaxing)
 .debug_str     0x00000000000c330b       0x6c ./Core/Src/stm32f4xx_hal_msp.o
                                      0xbf438 (size before relaxing)
 .debug_str     0x00000000000c3377      0x17c ./Core/Src/stm32f4xx_it.o
                                      0xbf0c3 (size before relaxing)
 .debug_str     0x00000000000c34f3       0xdb ./Core/Src/system_stm32f4xx.o
                                      0xbe9e1 (size before relaxing)
 .debug_str     0x00000000000c35ce       0x67 ./Core/Startup/startup_stm32f407ighx.o
 .debug_str     0x00000000000c3635      0x601 ./Drivers/STM32F4xx_HAL_Driver/Src/stm32f4xx_hal.o
                                      0xbf565 (size before relaxing)
 .debug_str     0x00000000000c3c36      0x3df ./Drivers/STM32F4xx_HAL_Driver/Src/stm32f4xx_hal_can.o
                                      0xbf0cd (size before relaxing)
 .debug_str     0x00000000000c4015      0x32d ./Drivers/STM32F4xx_HAL_Driver/Src/stm32f4xx_hal_cortex.o
                                      0xbf298 (size before relaxing)
 .debug_str     0x00000000000c4342      0x2e6 ./Drivers/STM32F4xx_HAL_Driver/Src/stm32f4xx_hal_dma.o
                                      0xbedfb (size before relaxing)
 .debug_str     0x00000000000c4628      0x158 ./Drivers/STM32F4xx_HAL_Driver/Src/stm32f4xx_hal_gpio.o
                                      0xbeb5c (size before relaxing)
 .debug_str     0x00000000000c4780      0x233 ./Drivers/STM32F4xx_HAL_Driver/Src/stm32f4xx_hal_rcc.o
                                      0xbee15 (size before relaxing)
 .debug_str     0x00000000000c49b3      0x5c1 ./Drivers/STM32F4xx_HAL_Driver/Src/stm32f4xx_hal_uart.o
                                      0xbf3b4 (size before relaxing)

.comment        0x0000000000000000       0x50
 .comment       0x0000000000000000       0x50 ./Core/Src/WatchDog.o
                                         0x51 (size before relaxing)
 .comment       0x0000000000000050       0x51 ./Core/Src/can.o
 .comment       0x0000000000000050       0x51 ./Core/Src/friction.o
 .comment       0x0000000000000050       0x51 ./Core/Src/main.o
 .comment       0x0000000000000050       0x51 ./Core/Src/pid.o
 .comment       0x0000000000000050       0x51 ./Core/Src/remote.o
 .comment       0x0000000000000050       0x51 ./Core/Src/stm32f4xx_hal_msp.o
 .comment       0x0000000000000050       0x51 ./Core/Src/stm32f4xx_it.o
 .comment       0x0000000000000050       0x51 ./Core/Src/system_stm32f4xx.o
 .comment       0x0000000000000050       0x51 ./Drivers/STM32F4xx_HAL_Driver/Src/stm32f4xx_hal.o
 .comment       0x0000000000000050       0x51 ./Drivers/STM32F4xx_HAL_Driver/Src/stm32f4xx_hal_can.o
 .comment       0x0000000000000050       0x51 ./Drivers/STM32F4xx_HAL_Driver/Src/stm32f4xx_hal_cortex.o
 .comment       0x0000000000000050       0x51 ./Drivers/STM32F4xx_HAL_Driver/Src/stm32f4xx_hal_dma.o
 .comment       0x0000000000000050       0x51 ./Drivers/STM32F4xx_HAL_Driver/Src/stm32f4xx_hal_gpio.o
 .comment       0x0000000000000050       0x51 ./Drivers/STM32F4xx_HAL_Driver/Src/stm32f4xx_hal_rcc.o
 .comment       0x0000000000000050       0x51 ./Drivers/STM32F4xx_HAL_Driver/Src/stm32f4xx_hal_uart.o

.debug_frame    0x0000000000000000     0x23ac
 .debug_frame   0x0000000000000000       0xa8 ./Core/Src/WatchDog.o
 .debug_frame   0x00000000000000a8       0xe4 ./Core/Src/can.o
 .debug_frame   0x000000000000018c       0x50 ./Core/Src/friction.o
 .debug_frame   0x00000000000001dc       0xd0 ./Core/Src/main.o
 .debug_frame   0x00000000000002ac       0xb0 ./Core/Src/pid.o
 .debug_frame   0x000000000000035c       0xb8 ./Core/Src/remote.o
 .debug_frame   0x0000000000000414       0x80 ./Core/Src/stm32f4xx_hal_msp.o
 .debug_frame   0x0000000000000494      0x1ac ./Core/Src/stm32f4xx_it.o
 .debug_frame   0x0000000000000640       0x58 ./Core/Src/system_stm32f4xx.o
 .debug_frame   0x0000000000000698      0x374 ./Drivers/STM32F4xx_HAL_Driver/Src/stm32f4xx_hal.o
 .debug_frame   0x0000000000000a0c      0x5a0 ./Drivers/STM32F4xx_HAL_Driver/Src/stm32f4xx_hal_can.o
 .debug_frame   0x0000000000000fac      0x498 ./Drivers/STM32F4xx_HAL_Driver/Src/stm32f4xx_hal_cortex.o
 .debug_frame   0x0000000000001444      0x250 ./Drivers/STM32F4xx_HAL_Driver/Src/stm32f4xx_hal_dma.o
 .debug_frame   0x0000000000001694      0x14c ./Drivers/STM32F4xx_HAL_Driver/Src/stm32f4xx_hal_gpio.o
 .debug_frame   0x00000000000017e0      0x1f4 ./Drivers/STM32F4xx_HAL_Driver/Src/stm32f4xx_hal_rcc.o
 .debug_frame   0x00000000000019d4      0x92c ./Drivers/STM32F4xx_HAL_Driver/Src/stm32f4xx_hal_uart.o
 .debug_frame   0x0000000000002300       0x2c c:/users/dell/stm32cubeide_1.10.1/stm32cubeide/plugins/com.st.stm32cube.ide.mcu.externaltools.gnu-tools-for-stm32.10.3-2021.10.win32_1.0.200.202301161003/tools/bin/../lib/gcc/arm-none-eabi/10.3.1/../../../../arm-none-eabi/lib/thumb/v7e-m+fp/hard\libc_nano.a(lib_a-init.o)
 .debug_frame   0x000000000000232c       0x20 c:/users/dell/stm32cubeide_1.10.1/stm32cubeide/plugins/com.st.stm32cube.ide.mcu.externaltools.gnu-tools-for-stm32.10.3-2021.10.win32_1.0.200.202301161003/tools/bin/../lib/gcc/arm-none-eabi/10.3.1/../../../../arm-none-eabi/lib/thumb/v7e-m+fp/hard\libc_nano.a(lib_a-memset.o)
 .debug_frame   0x000000000000234c       0x2c c:/users/dell/stm32cubeide_1.10.1/stm32cubeide/plugins/com.st.stm32cube.ide.mcu.externaltools.gnu-tools-for-stm32.10.3-2021.10.win32_1.0.200.202301161003/tools/bin/../lib/gcc/arm-none-eabi/10.3.1/thumb/v7e-m+fp/hard\libgcc.a(_aeabi_uldivmod.o)
 .debug_frame   0x0000000000002378       0x34 c:/users/dell/stm32cubeide_1.10.1/stm32cubeide/plugins/com.st.stm32cube.ide.mcu.externaltools.gnu-tools-for-stm32.10.3-2021.10.win32_1.0.200.202301161003/tools/bin/../lib/gcc/arm-none-eabi/10.3.1/thumb/v7e-m+fp/hard\libgcc.a(_udivmoddi4.o)
